Archive member included to satisfy reference by file (symbol)

C:/ST/STM32CubeIDE_1.15.1/STM32CubeIDE/plugins/com.st.stm32cube.ide.mcu.externaltools.gnu-tools-for-stm32.12.3.rel1.win32_1.0.100.202403111256/tools/bin/../lib/gcc/arm-none-eabi/12.3.1/../../../../arm-none-eabi/lib/thumb/v7e-m+dp/hard\libc_nano.a(libc_a-exit.o)
                              C:/ST/STM32CubeIDE_1.15.1/STM32CubeIDE/plugins/com.st.stm32cube.ide.mcu.externaltools.gnu-tools-for-stm32.12.3.rel1.win32_1.0.100.202403111256/tools/bin/../lib/gcc/arm-none-eabi/12.3.1/../../../../arm-none-eabi/lib/thumb/v7e-m+dp/hard/crt0.o (exit)
C:/ST/STM32CubeIDE_1.15.1/STM32CubeIDE/plugins/com.st.stm32cube.ide.mcu.externaltools.gnu-tools-for-stm32.12.3.rel1.win32_1.0.100.202403111256/tools/bin/../lib/gcc/arm-none-eabi/12.3.1/../../../../arm-none-eabi/lib/thumb/v7e-m+dp/hard\libc_nano.a(libc_a-findfp.o)
                              C:/ST/STM32CubeIDE_1.15.1/STM32CubeIDE/plugins/com.st.stm32cube.ide.mcu.externaltools.gnu-tools-for-stm32.12.3.rel1.win32_1.0.100.202403111256/tools/bin/../lib/gcc/arm-none-eabi/12.3.1/../../../../arm-none-eabi/lib/thumb/v7e-m+dp/hard\libc_nano.a(libc_a-exit.o) (__stdio_exit_handler)
C:/ST/STM32CubeIDE_1.15.1/STM32CubeIDE/plugins/com.st.stm32cube.ide.mcu.externaltools.gnu-tools-for-stm32.12.3.rel1.win32_1.0.100.202403111256/tools/bin/../lib/gcc/arm-none-eabi/12.3.1/../../../../arm-none-eabi/lib/thumb/v7e-m+dp/hard\libc_nano.a(libc_a-fwalk.o)
                              C:/ST/STM32CubeIDE_1.15.1/STM32CubeIDE/plugins/com.st.stm32cube.ide.mcu.externaltools.gnu-tools-for-stm32.12.3.rel1.win32_1.0.100.202403111256/tools/bin/../lib/gcc/arm-none-eabi/12.3.1/../../../../arm-none-eabi/lib/thumb/v7e-m+dp/hard\libc_nano.a(libc_a-findfp.o) (_fwalk_sglue)
C:/ST/STM32CubeIDE_1.15.1/STM32CubeIDE/plugins/com.st.stm32cube.ide.mcu.externaltools.gnu-tools-for-stm32.12.3.rel1.win32_1.0.100.202403111256/tools/bin/../lib/gcc/arm-none-eabi/12.3.1/../../../../arm-none-eabi/lib/thumb/v7e-m+dp/hard\libc_nano.a(libc_a-stdio.o)
                              C:/ST/STM32CubeIDE_1.15.1/STM32CubeIDE/plugins/com.st.stm32cube.ide.mcu.externaltools.gnu-tools-for-stm32.12.3.rel1.win32_1.0.100.202403111256/tools/bin/../lib/gcc/arm-none-eabi/12.3.1/../../../../arm-none-eabi/lib/thumb/v7e-m+dp/hard\libc_nano.a(libc_a-findfp.o) (__sread)
C:/ST/STM32CubeIDE_1.15.1/STM32CubeIDE/plugins/com.st.stm32cube.ide.mcu.externaltools.gnu-tools-for-stm32.12.3.rel1.win32_1.0.100.202403111256/tools/bin/../lib/gcc/arm-none-eabi/12.3.1/../../../../arm-none-eabi/lib/thumb/v7e-m+dp/hard\libc_nano.a(libc_a-memset.o)
                              C:/ST/STM32CubeIDE_1.15.1/STM32CubeIDE/plugins/com.st.stm32cube.ide.mcu.externaltools.gnu-tools-for-stm32.12.3.rel1.win32_1.0.100.202403111256/tools/bin/../lib/gcc/arm-none-eabi/12.3.1/../../../../arm-none-eabi/lib/thumb/v7e-m+dp/hard/crt0.o (memset)
C:/ST/STM32CubeIDE_1.15.1/STM32CubeIDE/plugins/com.st.stm32cube.ide.mcu.externaltools.gnu-tools-for-stm32.12.3.rel1.win32_1.0.100.202403111256/tools/bin/../lib/gcc/arm-none-eabi/12.3.1/../../../../arm-none-eabi/lib/thumb/v7e-m+dp/hard\libc_nano.a(libc_a-closer.o)
                              C:/ST/STM32CubeIDE_1.15.1/STM32CubeIDE/plugins/com.st.stm32cube.ide.mcu.externaltools.gnu-tools-for-stm32.12.3.rel1.win32_1.0.100.202403111256/tools/bin/../lib/gcc/arm-none-eabi/12.3.1/../../../../arm-none-eabi/lib/thumb/v7e-m+dp/hard\libc_nano.a(libc_a-stdio.o) (_close_r)
C:/ST/STM32CubeIDE_1.15.1/STM32CubeIDE/plugins/com.st.stm32cube.ide.mcu.externaltools.gnu-tools-for-stm32.12.3.rel1.win32_1.0.100.202403111256/tools/bin/../lib/gcc/arm-none-eabi/12.3.1/../../../../arm-none-eabi/lib/thumb/v7e-m+dp/hard\libc_nano.a(libc_a-reent.o)
                              C:/ST/STM32CubeIDE_1.15.1/STM32CubeIDE/plugins/com.st.stm32cube.ide.mcu.externaltools.gnu-tools-for-stm32.12.3.rel1.win32_1.0.100.202403111256/tools/bin/../lib/gcc/arm-none-eabi/12.3.1/../../../../arm-none-eabi/lib/thumb/v7e-m+dp/hard\libc_nano.a(libc_a-closer.o) (errno)
C:/ST/STM32CubeIDE_1.15.1/STM32CubeIDE/plugins/com.st.stm32cube.ide.mcu.externaltools.gnu-tools-for-stm32.12.3.rel1.win32_1.0.100.202403111256/tools/bin/../lib/gcc/arm-none-eabi/12.3.1/../../../../arm-none-eabi/lib/thumb/v7e-m+dp/hard\libc_nano.a(libc_a-impure.o)
                              C:/ST/STM32CubeIDE_1.15.1/STM32CubeIDE/plugins/com.st.stm32cube.ide.mcu.externaltools.gnu-tools-for-stm32.12.3.rel1.win32_1.0.100.202403111256/tools/bin/../lib/gcc/arm-none-eabi/12.3.1/../../../../arm-none-eabi/lib/thumb/v7e-m+dp/hard\libc_nano.a(libc_a-reent.o) (_impure_ptr)
C:/ST/STM32CubeIDE_1.15.1/STM32CubeIDE/plugins/com.st.stm32cube.ide.mcu.externaltools.gnu-tools-for-stm32.12.3.rel1.win32_1.0.100.202403111256/tools/bin/../lib/gcc/arm-none-eabi/12.3.1/../../../../arm-none-eabi/lib/thumb/v7e-m+dp/hard\libc_nano.a(libc_a-lseekr.o)
[...]
Memory Configuration

Name             Origin             Length             Attributes
FLASH            0x08000000         0x00200000         xr
DTCMRAM          0x20000000         0x00020000         xrw
RAM_D1           0x24000000         0x00080000         xrw
RAM_D2           0x30000000         0x00048000         xrw
RAM_D3           0x38000000         0x00010000         xrw
ITCMRAM          0x00000000         0x00010000         xrw
*default*        0x00000000         0xffffffff

Linker script and memory map

LOAD C:/ST/STM32CubeIDE_1.15.1/STM32CubeIDE/plugins/com.st.stm32cube.ide.mcu.externaltools.gnu-tools-for-stm32.12.3.rel1.win32_1.0.100.202403111256/tools/bin/../lib/gcc/arm-none-eabi/12.3.1/thumb/v7e-m+dp/hard/crti.o
LOAD C:/ST/STM32CubeIDE_1.15.1/STM32CubeIDE/plugins/com.st.stm32cube.ide.mcu.externaltools.gnu-tools-for-stm32.12.3.rel1.win32_1.0.100.202403111256/tools/bin/../lib/gcc/arm-none-eabi/12.3.1/thumb/v7e-m+dp/hard/crtbegin.o
LOAD C:/ST/STM32CubeIDE_1.15.1/STM32CubeIDE/plugins/com.st.stm32cube.ide.mcu.externaltools.gnu-tools-for-stm32.12.3.rel1.win32_1.0.100.202403111256/tools/bin/../lib/gcc/arm-none-eabi/12.3.1/../../../../arm-none-eabi/lib/thumb/v7e-m+dp/hard/crt0.o
LOAD ./Core/Src/main.o
LOAD ./Core/Src/stm32h7xx_hal_msp.o
LOAD ./Core/Src/stm32h7xx_it.o
LOAD ./Core/Src/syscalls.o
LOAD ./Core/Src/sysmem.o
LOAD ./Core/Src/system_stm32h7xx.o
LOAD ./Core/Startup/startup_stm32h743zitx.o
LOAD ./Drivers/STM32H7xx_HAL_Driver/Src/stm32h7xx_hal.o
LOAD ./Drivers/STM32H7xx_HAL_Driver/Src/stm32h7xx_hal_cortex.o
LOAD ./Drivers/STM32H7xx_HAL_Driver/Src/stm32h7xx_hal_dma.o
LOAD ./Drivers/STM32H7xx_HAL_Driver/Src/stm32h7xx_hal_dma_ex.o
LOAD ./Drivers/STM32H7xx_HAL_Driver/Src/stm32h7xx_hal_eth.o
LOAD ./Drivers/STM32H7xx_HAL_Driver/Src/stm32h7xx_hal_eth_ex.o
LOAD ./Drivers/STM32H7xx_HAL_Driver/Src/stm32h7xx_hal_exti.o
LOAD ./Drivers/STM32H7xx_HAL_Driver/Src/stm32h7xx_hal_flash.o
LOAD ./Drivers/STM32H7xx_HAL_Driver/Src/stm32h7xx_hal_flash_ex.o
LOAD ./Drivers/STM32H7xx_HAL_Driver/Src/stm32h7xx_hal_gpio.o
LOAD ./Drivers/STM32H7xx_HAL_Driver/Src/stm32h7xx_hal_hsem.o
LOAD ./Drivers/STM32H7xx_HAL_Driver/Src/stm32h7xx_hal_i2c.o
LOAD ./Drivers/STM32H7xx_HAL_Driver/Src/stm32h7xx_hal_i2c_ex.o
LOAD ./Drivers/STM32H7xx_HAL_Driver/Src/stm32h7xx_hal_mdma.o
LOAD ./Drivers/STM32H7xx_HAL_Driver/Src/stm32h7xx_hal_pcd.o
LOAD ./Drivers/STM32H7xx_HAL_Driver/Src/stm32h7xx_hal_pcd_ex.o
LOAD ./Drivers/STM32H7xx_HAL_Driver/Src/stm32h7xx_hal_pwr.o
LOAD ./Drivers/STM32H7xx_HAL_Driver/Src/stm32h7xx_hal_pwr_ex.o
LOAD ./Drivers/STM32H7xx_HAL_Driver/Src/stm32h7xx_hal_rcc.o
LOAD ./Drivers/STM32H7xx_HAL_Driver/Src/stm32h7xx_hal_rcc_ex.o
LOAD ./Drivers/STM32H7xx_HAL_Driver/Src/stm32h7xx_hal_tim.o
LOAD ./Drivers/STM32H7xx_HAL_Driver/Src/stm32h7xx_hal_tim_ex.o
LOAD ./Drivers/STM32H7xx_HAL_Driver/Src/stm32h7xx_hal_uart.o
LOAD ./Drivers/STM32H7xx_HAL_Driver/Src/stm32h7xx_hal_uart_ex.o
LOAD ./Drivers/STM32H7xx_HAL_Driver/Src/stm32h7xx_ll_usb.o
START GROUP
LOAD C:/ST/STM32CubeIDE_1.15.1/STM32CubeIDE/plugins/com.st.stm32cube.ide.mcu.externaltools.gnu-tools-for-stm32.12.3.rel1.win32_1.0.100.202403111256/tools/bin/../lib/gcc/arm-none-eabi/12.3.1/../../../../arm-none-eabi/lib/thumb/v7e-m+dp/hard\libc_nano.a
LOAD C:/ST/STM32CubeIDE_1.15.1/STM32CubeIDE/plugins/com.st.stm32cube.ide.mcu.externaltools.gnu-tools-for-stm32.12.3.rel1.win32_1.0.100.202403111256/tools/bin/../lib/gcc/arm-none-eabi/12.3.1/../../../../arm-none-eabi/lib/thumb/v7e-m+dp/hard\libm.a
END GROUP
START GROUP
LOAD C:/ST/STM32CubeIDE_1.15.1/STM32CubeIDE/plugins/com.st.stm32cube.ide.mcu.externaltools.gnu-tools-for-stm32.12.3.rel1.win32_1.0.100.202403111256/tools/bin/../lib/gcc/arm-none-eabi/12.3.1/thumb/v7e-m+dp/hard\libgcc.a
LOAD C:/ST/STM32CubeIDE_1.15.1/STM32CubeIDE/plugins/com.st.stm32cube.ide.mcu.externaltools.gnu-tools-for-stm32.12.3.rel1.win32_1.0.100.202403111256/tools/bin/../lib/gcc/arm-none-eabi/12.3.1/../../../../arm-none-eabi/lib/thumb/v7e-m+dp/hard\libc_nano.a
END GROUP
START GROUP
LOAD C:/ST/STM32CubeIDE_1.15.1/STM32CubeIDE/plugins/com.st.stm32cube.ide.mcu.externaltools.gnu-tools-for-stm32.12.3.rel1.win32_1.0.100.202403111256/tools/bin/../lib/gcc/arm-none-eabi/12.3.1/thumb/v7e-m+dp/hard\libgcc.a
LOAD C:/ST/STM32CubeIDE_1.15.1/STM32CubeIDE/plugins/com.st.stm32cube.ide.mcu.externaltools.gnu-tools-for-stm32.12.3.rel1.win32_1.0.100.202403111256/tools/bin/../lib/gcc/arm-none-eabi/12.3.1/../../../../arm-none-eabi/lib/thumb/v7e-m+dp/hard\libc_nano.a
LOAD C:/ST/STM32CubeIDE_1.15.1/STM32CubeIDE/plugins/com.st.stm32cube.ide.mcu.externaltools.gnu-tools-for-stm32.12.3.rel1.win32_1.0.100.202403111256/tools/bin/../lib/gcc/arm-none-eabi/12.3.1/../../../../arm-none-eabi/lib/thumb/v7e-m+dp/hard\libnosys.a
END GROUP
START GROUP
LOAD C:/ST/STM32CubeIDE_1.15.1/STM32CubeIDE/plugins/com.st.stm32cube.ide.mcu.externaltools.gnu-tools-for-stm32.12.3.rel1.win32_1.0.100.202403111256/tools/bin/../lib/gcc/arm-none-eabi/12.3.1/thumb/v7e-m+dp/hard\libgcc.a
LOAD C:/ST/STM32CubeIDE_1.15.1/STM32CubeIDE/plugins/com.st.stm32cube.ide.mcu.externaltools.gnu-tools-for-stm32.12.3.rel1.win32_1.0.100.202403111256/tools/bin/../lib/gcc/arm-none-eabi/12.3.1/../../../../arm-none-eabi/lib/thumb/v7e-m+dp/hard\libc_nano.a
LOAD C:/ST/STM32CubeIDE_1.15.1/STM32CubeIDE/plugins/com.st.stm32cube.ide.mcu.externaltools.gnu-tools-for-stm32.12.3.rel1.win32_1.0.100.202403111256/tools/bin/../lib/gcc/arm-none-eabi/12.3.1/../../../../arm-none-eabi/lib/thumb/v7e-m+dp/hard\libnosys.a
END GROUP
LOAD C:/ST/STM32CubeIDE_1.15.1/STM32CubeIDE/plugins/com.st.stm32cube.ide.mcu.externaltools.gnu-tools-for-stm32.12.3.rel1.win32_1.0.100.202403111256/tools/bin/../lib/gcc/arm-none-eabi/12.3.1/thumb/v7e-m+dp/hard/crtend.o
LOAD C:/ST/STM32CubeIDE_1.15.1/STM32CubeIDE/plugins/com.st.stm32cube.ide.mcu.externaltools.gnu-tools-for-stm32.12.3.rel1.win32_1.0.100.202403111256/tools/bin/../lib/gcc/arm-none-eabi/12.3.1/thumb/v7e-m+dp/hard/crtn.o
                0x24080000                        _estack = (ORIGIN (RAM_D1) + LENGTH (RAM_D1))
                0x00000200                        _Min_Heap_Size = 0x200
                0x00000400                        _Min_Stack_Size = 0x400

.isr_vector     0x08000000      0x298
                0x08000000                        . = ALIGN (0x4)
 *(.isr_vector)
 .isr_vector    0x08000000      0x298 ./Core/Startup/startup_stm32h743zitx.o
                0x08000000                g_pfnVectors
                0x08000298                        . = ALIGN (0x4)

.text           0x08000298     0x63e4
                0x08000298                        . = ALIGN (0x4)
 *(.text)
 .text          0x08000298       0x40 C:/ST/STM32CubeIDE_1.15.1/STM32CubeIDE/plugins/com.st.stm32cube.ide.mcu.externaltools.gnu-tools-for-stm32.12.3.rel1.win32_1.0.100.202403111256/tools/bin/../lib/gcc/arm-none-eabi/12.3.1/thumb/v7e-m+dp/hard/crtbegin.o
 .text          0x080002d8       0x30 C:/ST/STM32CubeIDE_1.15.1/STM32CubeIDE/plugins/com.st.stm32cube.ide.mcu.externaltools.gnu-tools-for-stm32.12.3.rel1.win32_1.0.100.202403111256/tools/bin/../lib/gcc/arm-none-eabi/12.3.1/thumb/v7e-m+dp/hard\libgcc.a(_aeabi_uldivmod.o)
                0x080002d8                __aeabi_uldivmod
 .text          0x08000308      0x2bc C:/ST/STM32CubeIDE_1.15.1/STM32CubeIDE/plugins/com.st.stm32cube.ide.mcu.externaltools.gnu-tools-for-stm32.12.3.rel1.win32_1.0.100.202403111256/tools/bin/../lib/gcc/arm-none-eabi/12.3.1/thumb/v7e-m+dp/hard\libgcc.a(_udivmoddi4.o)
                0x08000308                __udivmoddi4
 .text          0x080005c4        0x4 C:/ST/STM32CubeIDE_1.15.1/STM32CubeIDE/plugins/com.st.stm32cube.ide.mcu.externaltools.gnu-tools-for-stm32.12.3.rel1.win32_1.0.100.202403111256/tools/bin/../lib/gcc/arm-none-eabi/12.3.1/thumb/v7e-m+dp/hard\libgcc.a(_dvmd_tls.o)
                0x080005c4                __aeabi_idiv0
                0x080005c4                __aeabi_ldiv0
 *(.text*)
 .text.main     0x080005c8       0x3c ./Core/Src/main.o
                0x080005c8                main
 .text.SystemClock_Config
                0x08000604      0x100 ./Core/Src/main.o
                0x08000604                SystemClock_Config
 .text.MX_ETH_Init
                0x08000704       0x98 ./Core/Src/main.o
 .text.MX_USART3_UART_Init
                0x0800079c       0x98 ./Core/Src/main.o
 .text.MX_USB_OTG_FS_PCD_Init
                0x08000834       0x64 ./Core/Src/main.o
 .text.MX_GPIO_Init
                0x08000898      0x1b8 ./Core/Src/main.o
 .text.Error_Handler
                0x08000a50        0xc ./Core/Src/main.o
                0x08000a50                Error_Handler
 .text.HAL_MspInit
                0x08000a5c       0x34 ./Core/Src/stm32h7xx_hal_msp.o
                0x08000a5c                HAL_MspInit
 .text.HAL_ETH_MspInit
                0x08000a90      0x19c ./Core/Src/stm32h7xx_hal_msp.o
                0x08000a90                HAL_ETH_MspInit
 .text.HAL_UART_MspInit
                0x08000c2c       0xd4 ./Core/Src/stm32h7xx_hal_msp.o
                0x08000c2c                HAL_UART_MspInit
 .text.HAL_PCD_MspInit
                0x08000d00       0xf8 ./Core/Src/stm32h7xx_hal_msp.o
                0x08000d00                HAL_PCD_MspInit
 .text.NMI_Handler
                0x08000df8        0x8 ./Core/Src/stm32h7xx_it.o
                0x08000df8                NMI_Handler
 .text.HardFault_Handler
                0x08000e00        0x8 ./Core/Src/stm32h7xx_it.o
                0x08000e00                HardFault_Handler
 .text.MemManage_Handler
                0x08000e08        0x8 ./Core/Src/stm32h7xx_it.o
                0x08000e08                MemManage_Handler
 .text.BusFault_Handler
                0x08000e10        0x8 ./Core/Src/stm32h7xx_it.o
                0x08000e10                BusFault_Handler
 .text.UsageFault_Handler
                0x08000e18        0x8 ./Core/Src/stm32h7xx_it.o
                0x08000e18                UsageFault_Handler
 .text.SVC_Handler
                0x08000e20        0xe ./Core/Src/stm32h7xx_it.o
                0x08000e20                SVC_Handler
 .text.DebugMon_Handler
                0x08000e2e        0xe ./Core/Src/stm32h7xx_it.o
                0x08000e2e                DebugMon_Handler
 .text.PendSV_Handler
                0x08000e3c        0xe ./Core/Src/stm32h7xx_it.o
                0x08000e3c                PendSV_Handler
 .text.SysTick_Handler
                0x08000e4a        0xc ./Core/Src/stm32h7xx_it.o
                0x08000e4a                SysTick_Handler
 *fill*         0x08000e56        0x2 
 .text.SystemInit
                0x08000e58      0x110 ./Core/Src/system_stm32h7xx.o
                0x08000e58                SystemInit
 .text.Reset_Handler
                0x08000f68       0x50 ./Core/Startup/startup_stm32h743zitx.o
                0x08000f68                Reset_Handler
 .text.Default_Handler
                0x08000fb8        0x2 ./Core/Startup/startup_stm32h743zitx.o
                0x08000fb8                RTC_Alarm_IRQHandler
                0x08000fb8                EXTI2_IRQHandler
                0x08000fb8                TIM8_CC_IRQHandler
                0x08000fb8                HRTIM1_Master_IRQHandler
                0x08000fb8                UART8_IRQHandler
                0x08000fb8                SPI4_IRQHandler
                0x08000fb8                TIM1_CC_IRQHandler
                0x08000fb8                BDMA_Channel6_IRQHandler
                0x08000fb8                DMA2_Stream5_IRQHandler
                0x08000fb8                HRTIM1_FLT_IRQHandler
                0x08000fb8                JPEG_IRQHandler
                0x08000fb8                DMA1_Stream5_IRQHandler
                0x08000fb8                BDMA_Channel1_IRQHandler
                0x08000fb8                HRTIM1_TIMD_IRQHandler
                0x08000fb8                TAMP_STAMP_IRQHandler
                0x08000fb8                EXTI3_IRQHandler
                0x08000fb8                LPTIM4_IRQHandler
                0x08000fb8                TIM8_TRG_COM_TIM14_IRQHandler
                0x08000fb8                LPTIM2_IRQHandler
                0x08000fb8                DFSDM1_FLT1_IRQHandler
                0x08000fb8                DMAMUX2_OVR_IRQHandler
                0x08000fb8                TIM8_UP_TIM13_IRQHandler
                0x08000fb8                I2C3_ER_IRQHandler
                0x08000fb8                DFSDM1_FLT2_IRQHandler
                0x08000fb8                MDMA_IRQHandler
                0x08000fb8                LPTIM3_IRQHandler
                0x08000fb8                HSEM1_IRQHandler
                0x08000fb8                EXTI0_IRQHandler
                0x08000fb8                I2C2_EV_IRQHandler
                0x08000fb8                DMA1_Stream2_IRQHandler
                0x08000fb8                FPU_IRQHandler
                0x08000fb8                OTG_HS_WKUP_IRQHandler
                0x08000fb8                FDCAN1_IT1_IRQHandler
                0x08000fb8                LTDC_ER_IRQHandler
                0x08000fb8                DMA2_Stream2_IRQHandler
                0x08000fb8                HRTIM1_TIME_IRQHandler
                0x08000fb8                SPI1_IRQHandler
                0x08000fb8                TIM6_DAC_IRQHandler
                0x08000fb8                DCMI_IRQHandler
                0x08000fb8                HRTIM1_TIMC_IRQHandler
                0x08000fb8                DMA2_Stream3_IRQHandler
                0x08000fb8                SAI2_IRQHandler
                0x08000fb8                DFSDM1_FLT3_IRQHandler
                0x08000fb8                USART6_IRQHandler
                0x08000fb8                TIM17_IRQHandler
                0x08000fb8                USART3_IRQHandler
                0x08000fb8                BDMA_Channel7_IRQHandler
                0x08000fb8                LPTIM5_IRQHandler
                0x08000fb8                UART5_IRQHandler
                0x08000fb8                ADC3_IRQHandler
                0x08000fb8                DMA2_Stream0_IRQHandler
                0x08000fb8                TIM4_IRQHandler
                0x08000fb8                BDMA_Channel2_IRQHandler
                0x08000fb8                QUADSPI_IRQHandler
                0x08000fb8                I2C1_EV_IRQHandler
                0x08000fb8                DMA1_Stream6_IRQHandler
                0x08000fb8                DMAMUX1_OVR_IRQHandler
                0x08000fb8                DMA1_Stream1_IRQHandler
                0x08000fb8                TIM16_IRQHandler
                0x08000fb8                UART4_IRQHandler
                0x08000fb8                BDMA_Channel5_IRQHandler
                0x08000fb8                TIM3_IRQHandler
                0x08000fb8                RCC_IRQHandler
                0x08000fb8                TIM8_BRK_TIM12_IRQHandler
                0x08000fb8                TIM1_TRG_COM_IRQHandler
                0x08000fb8                Default_Handler
                0x08000fb8                ECC_IRQHandler
                0x08000fb8                CEC_IRQHandler
                0x08000fb8                EXTI15_10_IRQHandler
                0x08000fb8                BDMA_Channel0_IRQHandler
                0x08000fb8                ADC_IRQHandler
                0x08000fb8                DMA1_Stream7_IRQHandler
                0x08000fb8                HRTIM1_TIMA_IRQHandler
                0x08000fb8                SPI5_IRQHandler
                0x08000fb8                TIM7_IRQHandler
                0x08000fb8                SDMMC1_IRQHandler
                0x08000fb8                TIM5_IRQHandler
                0x08000fb8                DMA2_Stream7_IRQHandler
                0x08000fb8                TIM15_IRQHandler
                0x08000fb8                PVD_AVD_IRQHandler
                0x08000fb8                I2C3_EV_IRQHandler
                0x08000fb8                EXTI9_5_IRQHandler
                0x08000fb8                RTC_WKUP_IRQHandler
                0x08000fb8                LTDC_IRQHandler
                0x08000fb8                SAI3_IRQHandler
                0x08000fb8                ETH_WKUP_IRQHandler
                0x08000fb8                SPDIF_RX_IRQHandler
                0x08000fb8                SPI2_IRQHandler
                0x08000fb8                OTG_HS_EP1_IN_IRQHandler
                0x08000fb8                DMA1_Stream0_IRQHandler
                0x08000fb8                CRS_IRQHandler
                0x08000fb8                EXTI4_IRQHandler
                0x08000fb8                RNG_IRQHandler
                0x08000fb8                HRTIM1_TIMB_IRQHandler
                0x08000fb8                FDCAN2_IT1_IRQHandler
                0x08000fb8                ETH_IRQHandler
                0x08000fb8                TIM1_UP_IRQHandler
                0x08000fb8                BDMA_Channel4_IRQHandler
                0x08000fb8                OTG_HS_EP1_OUT_IRQHandler
                0x08000fb8                WWDG_IRQHandler
                0x08000fb8                SPI6_IRQHandler
                0x08000fb8                MDIOS_IRQHandler
                0x08000fb8                I2C4_EV_IRQHandler
                0x08000fb8                FDCAN2_IT0_IRQHandler
                0x08000fb8                LPUART1_IRQHandler
                0x08000fb8                FDCAN1_IT0_IRQHandler
                0x08000fb8                TIM2_IRQHandler
                0x08000fb8                OTG_FS_WKUP_IRQHandler
                0x08000fb8                OTG_HS_IRQHandler
                0x08000fb8                DMA2D_IRQHandler
                0x08000fb8                TIM1_BRK_IRQHandler
                0x08000fb8                EXTI1_IRQHandler
                0x08000fb8                SDMMC2_IRQHandler
                0x08000fb8                OTG_FS_EP1_OUT_IRQHandler
                0x08000fb8                BDMA_Channel3_IRQHandler
                0x08000fb8                UART7_IRQHandler
                0x08000fb8                MDIOS_WKUP_IRQHandler
                0x08000fb8                USART2_IRQHandler
                0x08000fb8                DFSDM1_FLT0_IRQHandler
                0x08000fb8                SAI4_IRQHandler
                0x08000fb8                I2C2_ER_IRQHandler
                0x08000fb8                DMA2_Stream1_IRQHandler
                0x08000fb8                FLASH_IRQHandler
                0x08000fb8                DMA2_Stream4_IRQHandler
                0x08000fb8                USART1_IRQHandler
                0x08000fb8                OTG_FS_IRQHandler
                0x08000fb8                SPI3_IRQHandler
                0x08000fb8                WAKEUP_PIN_IRQHandler
                0x08000fb8                DMA1_Stream4_IRQHandler
                0x08000fb8                OTG_FS_EP1_IN_IRQHandler
                0x08000fb8                I2C1_ER_IRQHandler
                0x08000fb8                FMC_IRQHandler
                0x08000fb8                FDCAN_CAL_IRQHandler
                0x08000fb8                SWPMI1_IRQHandler
                0x08000fb8                COMP1_IRQHandler
                0x08000fb8                LPTIM1_IRQHandler
                0x08000fb8                I2C4_ER_IRQHandler
                0x08000fb8                DMA2_Stream6_IRQHandler
                0x08000fb8                SAI1_IRQHandler
                0x08000fb8                DMA1_Stream3_IRQHandler
 *fill*         0x08000fba        0x2 
 .text.HAL_Init
                0x08000fbc       0x78 ./Drivers/STM32H7xx_HAL_Driver/Src/stm32h7xx_hal.o
                0x08000fbc                HAL_Init
 .text.HAL_InitTick
                0x08001034       0x6c ./Drivers/STM32H7xx_HAL_Driver/Src/stm32h7xx_hal.o
                0x08001034                HAL_InitTick
 .text.HAL_IncTick
                0x080010a0       0x28 ./Drivers/STM32H7xx_HAL_Driver/Src/stm32h7xx_hal.o
                0x080010a0                HAL_IncTick
 .text.HAL_GetTick
                0x080010c8       0x18 ./Drivers/STM32H7xx_HAL_Driver/Src/stm32h7xx_hal.o
                0x080010c8                HAL_GetTick
 .text.HAL_Delay
                0x080010e0       0x48 ./Drivers/STM32H7xx_HAL_Driver/Src/stm32h7xx_hal.o
                0x080010e0                HAL_Delay
 .text.HAL_GetREVID
                0x08001128       0x18 ./Drivers/STM32H7xx_HAL_Driver/Src/stm32h7xx_hal.o
                0x08001128                HAL_GetREVID
 .text.HAL_SYSCFG_ETHInterfaceSelect
                0x08001140       0x28 ./Drivers/STM32H7xx_HAL_Driver/Src/stm32h7xx_hal.o
                0x08001140                HAL_SYSCFG_ETHInterfaceSelect
 .text.__NVIC_SetPriorityGrouping
                0x08001168       0x48 ./Drivers/STM32H7xx_HAL_Driver/Src/stm32h7xx_hal_cortex.o
 .text.__NVIC_GetPriorityGrouping
                0x080011b0       0x1c ./Drivers/STM32H7xx_HAL_Driver/Src/stm32h7xx_hal_cortex.o
 .text.__NVIC_SetPriority
                0x080011cc       0x54 ./Drivers/STM32H7xx_HAL_Driver/Src/stm32h7xx_hal_cortex.o
 .text.NVIC_EncodePriority
                0x08001220       0x66 ./Drivers/STM32H7xx_HAL_Driver/Src/stm32h7xx_hal_cortex.o
 *fill*         0x08001286        0x2 
 .text.SysTick_Config
                0x08001288       0x44 ./Drivers/STM32H7xx_HAL_Driver/Src/stm32h7xx_hal_cortex.o
 .text.HAL_NVIC_SetPriorityGrouping
                0x080012cc       0x16 ./Drivers/STM32H7xx_HAL_Driver/Src/stm32h7xx_hal_cortex.o
                0x080012cc                HAL_NVIC_SetPriorityGrouping
 .text.HAL_NVIC_SetPriority
                0x080012e2       0x34 ./Drivers/STM32H7xx_HAL_Driver/Src/stm32h7xx_hal_cortex.o
                0x080012e2                HAL_NVIC_SetPriority
 .text.HAL_SYSTICK_Config
                0x08001316       0x18 ./Drivers/STM32H7xx_HAL_Driver/Src/stm32h7xx_hal_cortex.o
                0x08001316                HAL_SYSTICK_Config
 *fill*         0x0800132e        0x2 
 .text.HAL_ETH_Init
                0x08001330      0x1fc ./Drivers/STM32H7xx_HAL_Driver/Src/stm32h7xx_hal_eth.o
                0x08001330                HAL_ETH_Init
 .text.HAL_ETH_SetMDIOClockRange
                0x0800152c       0xa0 ./Drivers/STM32H7xx_HAL_Driver/Src/stm32h7xx_hal_eth.o
                0x0800152c                HAL_ETH_SetMDIOClockRange
 .text.ETH_SetMACConfig
                0x080015cc      0x238 ./Drivers/STM32H7xx_HAL_Driver/Src/stm32h7xx_hal_eth.o
 .text.ETH_SetDMAConfig
                0x08001804      0x10c ./Drivers/STM32H7xx_HAL_Driver/Src/stm32h7xx_hal_eth.o
 .text.ETH_MACDMAConfig
                0x08001910      0x13a ./Drivers/STM32H7xx_HAL_Driver/Src/stm32h7xx_hal_eth.o
 .text.ETH_DMATxDescListInit
                0x08001a4a       0x92 ./Drivers/STM32H7xx_HAL_Driver/Src/stm32h7xx_hal_eth.o
 .text.ETH_DMARxDescListInit
                0x08001adc       0xba ./Drivers/STM32H7xx_HAL_Driver/Src/stm32h7xx_hal_eth.o
 *fill*         0x08001b96        0x2 
 .text.HAL_GPIO_Init
                0x08001b98      0x360 ./Drivers/STM32H7xx_HAL_Driver/Src/stm32h7xx_hal_gpio.o
                0x08001b98                HAL_GPIO_Init
 .text.HAL_GPIO_WritePin
                0x08001ef8       0x32 ./Drivers/STM32H7xx_HAL_Driver/Src/stm32h7xx_hal_gpio.o
                0x08001ef8                HAL_GPIO_WritePin
 .text.HAL_PCD_Init
                0x08001f2a      0x218 ./Drivers/STM32H7xx_HAL_Driver/Src/stm32h7xx_hal_pcd.o
                0x08001f2a                HAL_PCD_Init
 *fill*         0x08002142        0x2 
 .text.HAL_PCDEx_ActivateLPM
                0x08002144       0x48 ./Drivers/STM32H7xx_HAL_Driver/Src/stm32h7xx_hal_pcd_ex.o
                0x08002144                HAL_PCDEx_ActivateLPM
 .text.HAL_PWREx_ConfigSupply
                0x0800218c       0x74 ./Drivers/STM32H7xx_HAL_Driver/Src/stm32h7xx_hal_pwr_ex.o
                0x0800218c                HAL_PWREx_ConfigSupply
 .text.HAL_PWREx_EnableUSBVoltageDetector
                0x08002200       0x20 ./Drivers/STM32H7xx_HAL_Driver/Src/stm32h7xx_hal_pwr_ex.o
                0x08002200                HAL_PWREx_EnableUSBVoltageDetector
 .text.HAL_RCC_OscConfig
                0x08002220      0x8b4 ./Drivers/STM32H7xx_HAL_Driver/Src/stm32h7xx_hal_rcc.o
                0x08002220                HAL_RCC_OscConfig
 .text.HAL_RCC_ClockConfig
                0x08002ad4      0x36c ./Drivers/STM32H7xx_HAL_Driver/Src/stm32h7xx_hal_rcc.o
                0x08002ad4                HAL_RCC_ClockConfig
 .text.HAL_RCC_GetSysClockFreq
                0x08002e40      0x2f4 ./Drivers/STM32H7xx_HAL_Driver/Src/stm32h7xx_hal_rcc.o
                0x08002e40                HAL_RCC_GetSysClockFreq
 .text.HAL_RCC_GetHCLKFreq
                0x08003134       0x60 ./Drivers/STM32H7xx_HAL_Driver/Src/stm32h7xx_hal_rcc.o
                0x08003134                HAL_RCC_GetHCLKFreq
 .text.HAL_RCC_GetPCLK1Freq
                0x08003194       0x2c ./Drivers/STM32H7xx_HAL_Driver/Src/stm32h7xx_hal_rcc.o
                0x08003194                HAL_RCC_GetPCLK1Freq
 .text.HAL_RCC_GetPCLK2Freq
                0x080031c0       0x2c ./Drivers/STM32H7xx_HAL_Driver/Src/stm32h7xx_hal_rcc.o
                0x080031c0                HAL_RCC_GetPCLK2Freq
 .text.HAL_RCCEx_PeriphCLKConfig
                0x080031ec     0x1414 ./Drivers/STM32H7xx_HAL_Driver/Src/stm32h7xx_hal_rcc_ex.o
                0x080031ec                HAL_RCCEx_PeriphCLKConfig
 .text.HAL_RCCEx_GetD3PCLK1Freq
                0x08004600       0x2c ./Drivers/STM32H7xx_HAL_Driver/Src/stm32h7xx_hal_rcc_ex.o
                0x08004600                HAL_RCCEx_GetD3PCLK1Freq
 .text.HAL_RCCEx_GetPLL2ClockFreq
                0x0800462c      0x2a8 ./Drivers/STM32H7xx_HAL_Driver/Src/stm32h7xx_hal_rcc_ex.o
                0x0800462c                HAL_RCCEx_GetPLL2ClockFreq
 .text.HAL_RCCEx_GetPLL3ClockFreq
                0x080048d4      0x2a8 ./Drivers/STM32H7xx_HAL_Driver/Src/stm32h7xx_hal_rcc_ex.o
                0x080048d4                HAL_RCCEx_GetPLL3ClockFreq
 .text.RCCEx_PLL2_Config
                0x08004b7c      0x164 ./Drivers/STM32H7xx_HAL_Driver/Src/stm32h7xx_hal_rcc_ex.o
 .text.RCCEx_PLL3_Config
                0x08004ce0      0x164 ./Drivers/STM32H7xx_HAL_Driver/Src/stm32h7xx_hal_rcc_ex.o
 .text.HAL_UART_Init
                0x08004e44       0xa0 ./Drivers/STM32H7xx_HAL_Driver/Src/stm32h7xx_hal_uart.o
                0x08004e44                HAL_UART_Init
 .text.UART_SetConfig
                0x08004ee4      0xad0 ./Drivers/STM32H7xx_HAL_Driver/Src/stm32h7xx_hal_uart.o
                0x08004ee4                UART_SetConfig
 .text.UART_AdvFeatureConfig
                0x080059b4      0x144 ./Drivers/STM32H7xx_HAL_Driver/Src/stm32h7xx_hal_uart.o
                0x080059b4                UART_AdvFeatureConfig
 .text.UART_CheckIdleState
                0x08005af8      0x154 ./Drivers/STM32H7xx_HAL_Driver/Src/stm32h7xx_hal_uart.o
                0x08005af8                UART_CheckIdleState
 .text.UART_WaitOnFlagUntilTimeout
                0x08005c4c       0xda ./Drivers/STM32H7xx_HAL_Driver/Src/stm32h7xx_hal_uart.o
                0x08005c4c                UART_WaitOnFlagUntilTimeout
 *fill*         0x08005d26        0x2 
 .text.UART_EndRxTransfer
                0x08005d28       0xcc ./Drivers/STM32H7xx_HAL_Driver/Src/stm32h7xx_hal_uart.o
 .text.HAL_UARTEx_DisableFifoMode
                0x08005df4       0x72 ./Drivers/STM32H7xx_HAL_Driver/Src/stm32h7xx_hal_uart_ex.o
                0x08005df4                HAL_UARTEx_DisableFifoMode
 .text.HAL_UARTEx_SetTxFifoThreshold
                0x08005e66       0x7c ./Drivers/STM32H7xx_HAL_Driver/Src/stm32h7xx_hal_uart_ex.o
                0x08005e66                HAL_UARTEx_SetTxFifoThreshold
 .text.HAL_UARTEx_SetRxFifoThreshold
                0x08005ee2       0x7c ./Drivers/STM32H7xx_HAL_Driver/Src/stm32h7xx_hal_uart_ex.o
                0x08005ee2                HAL_UARTEx_SetRxFifoThreshold
 *fill*         0x08005f5e        0x2 
 .text.UARTEx_SetNbDataToProcess
                0x08005f60       0x9c ./Drivers/STM32H7xx_HAL_Driver/Src/stm32h7xx_hal_uart_ex.o
 .text.USB_CoreInit
                0x08005ffc       0xe4 ./Drivers/STM32H7xx_HAL_Driver/Src/stm32h7xx_ll_usb.o
                0x08005ffc                USB_CoreInit
 .text.USB_DisableGlobalInt
                0x080060e0       0x22 ./Drivers/STM32H7xx_HAL_Driver/Src/stm32h7xx_ll_usb.o
                0x080060e0                USB_DisableGlobalInt
 .text.USB_SetCurrentMode
                0x08006102       0x98 ./Drivers/STM32H7xx_HAL_Driver/Src/stm32h7xx_ll_usb.o
                0x08006102                USB_SetCurrentMode
 *fill*         0x0800619a        0x2 
 .text.USB_DevInit
                0x0800619c      0x2bc ./Drivers/STM32H7xx_HAL_Driver/Src/stm32h7xx_ll_usb.o
                0x0800619c                USB_DevInit
 .text.USB_FlushTxFifo
                0x08006458       0x64 ./Drivers/STM32H7xx_HAL_Driver/Src/stm32h7xx_ll_usb.o
                0x08006458                USB_FlushTxFifo
 .text.USB_FlushRxFifo
                0x080064bc       0x5c ./Drivers/STM32H7xx_HAL_Driver/Src/stm32h7xx_ll_usb.o
                0x080064bc                USB_FlushRxFifo
 .text.USB_SetDevSpeed
                0x08006518       0x32 ./Drivers/STM32H7xx_HAL_Driver/Src/stm32h7xx_ll_usb.o
                0x08006518                USB_SetDevSpeed
 .text.USB_DevDisconnect
                0x0800654a       0x42 ./Drivers/STM32H7xx_HAL_Driver/Src/stm32h7xx_ll_usb.o
                0x0800654a                USB_DevDisconnect
 .text.USB_GetMode
                0x0800658c       0x1c ./Drivers/STM32H7xx_HAL_Driver/Src/stm32h7xx_ll_usb.o
                0x0800658c                USB_GetMode
 .text.USB_CoreReset
                0x080065a8       0x62 ./Drivers/STM32H7xx_HAL_Driver/Src/stm32h7xx_ll_usb.o
 .text.memset   0x0800660a       0x10 C:/ST/STM32CubeIDE_1.15.1/STM32CubeIDE/plugins/com.st.stm32cube.ide.mcu.externaltools.gnu-tools-for-stm32.12.3.rel1.win32_1.0.100.202403111256/tools/bin/../lib/gcc/arm-none-eabi/12.3.1/../../../../arm-none-eabi/lib/thumb/v7e-m+dp/hard\libc_nano.a(libc_a-memset.o)
                0x0800660a                memset
 *fill*         0x0800661a        0x2 
 .text.__libc_init_array
                0x0800661c       0x48 C:/ST/STM32CubeIDE_1.15.1/STM32CubeIDE/plugins/com.st.stm32cube.ide.mcu.externaltools.gnu-tools-for-stm32.12.3.rel1.win32_1.0.100.202403111256/tools/bin/../lib/gcc/arm-none-eabi/12.3.1/../../../../arm-none-eabi/lib/thumb/v7e-m+dp/hard\libc_nano.a(libc_a-init.o)
                0x0800661c                __libc_init_array
 *(.glue_7)
 .glue_7        0x08006664        0x0 linker stubs
 *(.glue_7t)
 .glue_7t       0x08006664        0x0 linker stubs
 *(.eh_frame)
 .eh_frame      0x08006664        0x0 C:/ST/STM32CubeIDE_1.15.1/STM32CubeIDE/plugins/com.st.stm32cube.ide.mcu.externaltools.gnu-tools-for-stm32.12.3.rel1.win32_1.0.100.202403111256/tools/bin/../lib/gcc/arm-none-eabi/12.3.1/thumb/v7e-m+dp/hard/crtbegin.o
 *(.init)
 .init          0x08006664        0x4 C:/ST/STM32CubeIDE_1.15.1/STM32CubeIDE/plugins/com.st.stm32cube.ide.mcu.externaltools.gnu-tools-for-stm32.12.3.rel1.win32_1.0.100.202403111256/tools/bin/../lib/gcc/arm-none-eabi/12.3.1/thumb/v7e-m+dp/hard/crti.o
                0x08006664                _init
 .init          0x08006668        0x8 C:/ST/STM32CubeIDE_1.15.1/STM32CubeIDE/plugins/com.st.stm32cube.ide.mcu.externaltools.gnu-tools-for-stm32.12.3.rel1.win32_1.0.100.202403111256/tools/bin/../lib/gcc/arm-none-eabi/12.3.1/thumb/v7e-m+dp/hard/crtn.o
 *(.fini)
 .fini          0x08006670        0x4 C:/ST/STM32CubeIDE_1.15.1/STM32CubeIDE/plugins/com.st.stm32cube.ide.mcu.externaltools.gnu-tools-for-stm32.12.3.rel1.win32_1.0.100.202403111256/tools/bin/../lib/gcc/arm-none-eabi/12.3.1/thumb/v7e-m+dp/hard/crti.o
                0x08006670                _fini
 .fini          0x08006674        0x8 C:/ST/STM32CubeIDE_1.15.1/STM32CubeIDE/plugins/com.st.stm32cube.ide.mcu.externaltools.gnu-tools-for-stm32.12.3.rel1.win32_1.0.100.202403111256/tools/bin/../lib/gcc/arm-none-eabi/12.3.1/thumb/v7e-m+dp/hard/crtn.o
                0x0800667c                        . = ALIGN (0x4)
                0x0800667c                        _etext = .

.vfp11_veneer   0x0800667c        0x0
 .vfp11_veneer  0x0800667c        0x0 linker stubs

.v4_bx          0x0800667c        0x0
 .v4_bx         0x0800667c        0x0 linker stubs

.iplt           0x0800667c        0x0
 .iplt          0x0800667c        0x0 C:/ST/STM32CubeIDE_1.15.1/STM32CubeIDE/plugins/com.st.stm32cube.ide.mcu.externaltools.gnu-tools-for-stm32.12.3.rel1.win32_1.0.100.202403111256/tools/bin/../lib/gcc/arm-none-eabi/12.3.1/thumb/v7e-m+dp/hard/crtbegin.o

.rodata         0x0800667c       0x38
                0x0800667c                        . = ALIGN (0x4)
 *(.rodata)
 *(.rodata*)
 .rodata.D1CorePrescTable
                0x0800667c       0x10 ./Core/Src/system_stm32h7xx.o
                0x0800667c                D1CorePrescTable
 .rodata.UARTPrescTable
                0x0800668c       0x18 ./Drivers/STM32H7xx_HAL_Driver/Src/stm32h7xx_hal_uart.o
                0x0800668c                UARTPrescTable
 .rodata.numerator.1
                0x080066a4        0x8 ./Drivers/STM32H7xx_HAL_Driver/Src/stm32h7xx_hal_uart_ex.o
 .rodata.denominator.0
                0x080066ac        0x8 ./Drivers/STM32H7xx_HAL_Driver/Src/stm32h7xx_hal_uart_ex.o
                0x080066b4                        . = ALIGN (0x4)

.ARM.extab
 *(.ARM.extab* .gnu.linkonce.armextab.*)

.ARM            0x080066b4        0x8
                0x080066b4                        __exidx_start = .
 *(.ARM.exidx*)
 .ARM.exidx     0x080066b4        0x8 C:/ST/STM32CubeIDE_1.15.1/STM32CubeIDE/plugins/com.st.stm32cube.ide.mcu.externaltools.gnu-tools-for-stm32.12.3.rel1.win32_1.0.100.202403111256/tools/bin/../lib/gcc/arm-none-eabi/12.3.1/thumb/v7e-m+dp/hard\libgcc.a(_udivmoddi4.o)
                0x080066bc                        __exidx_end = .

.preinit_array  0x080066bc        0x0
                0x080066bc                        PROVIDE (__preinit_array_start = .)
 *(.preinit_array*)
                0x080066bc                        PROVIDE (__preinit_array_end = .)

.init_array     0x080066bc        0x4
                0x080066bc                        PROVIDE (__init_array_start = .)
 *(SORT_BY_NAME(.init_array.*))
 *(.init_array*)
 .init_array    0x080066bc        0x4 C:/ST/STM32CubeIDE_1.15.1/STM32CubeIDE/plugins/com.st.stm32cube.ide.mcu.externaltools.gnu-tools-for-stm32.12.3.rel1.win32_1.0.100.202403111256/tools/bin/../lib/gcc/arm-none-eabi/12.3.1/thumb/v7e-m+dp/hard/crtbegin.o
                0x080066c0                        PROVIDE (__init_array_end = .)

.fini_array     0x080066c0        0x4
                [!provide]                        PROVIDE (__fini_array_start = .)
 *(SORT_BY_NAME(.fini_array.*))
 *(.fini_array*)
 .fini_array    0x080066c0        0x4 C:/ST/STM32CubeIDE_1.15.1/STM32CubeIDE/plugins/com.st.stm32cube.ide.mcu.externaltools.gnu-tools-for-stm32.12.3.rel1.win32_1.0.100.202403111256/tools/bin/../lib/gcc/arm-none-eabi/12.3.1/thumb/v7e-m+dp/hard/crtbegin.o
                [!provide]                        PROVIDE (__fini_array_end = .)
                0x080066c4                        _sidata = LOADADDR (.data)

.rel.dyn        0x080066c4        0x0
 .rel.iplt      0x080066c4        0x0 C:/ST/STM32CubeIDE_1.15.1/STM32CubeIDE/plugins/com.st.stm32cube.ide.mcu.externaltools.gnu-tools-for-stm32.12.3.rel1.win32_1.0.100.202403111256/tools/bin/../lib/gcc/arm-none-eabi/12.3.1/thumb/v7e-m+dp/hard/crtbegin.o

.data           0x24000000       0x10 load address 0x080066c4
                0x24000000                        . = ALIGN (0x4)
                0x24000000                        _sdata = .
 *(.data)
 *(.data*)
 .data.SystemCoreClock
                0x24000000        0x4 ./Core/Src/system_stm32h7xx.o
                0x24000000                SystemCoreClock
 .data.SystemD2Clock
                0x24000004        0x4 ./Core/Src/system_stm32h7xx.o
                0x24000004                SystemD2Clock
 .data.uwTickPrio
                0x24000008        0x4 ./Drivers/STM32H7xx_HAL_Driver/Src/stm32h7xx_hal.o
                0x24000008                uwTickPrio
 .data.uwTickFreq
                0x2400000c        0x1 ./Drivers/STM32H7xx_HAL_Driver/Src/stm32h7xx_hal.o
                0x2400000c                uwTickFreq
 *(.RamFunc)
 *(.RamFunc*)
                0x24000010                        . = ALIGN (0x4)
 *fill*         0x2400000d        0x3 
                0x24000010                        _edata = .

.igot.plt       0x24000010        0x0 load address 0x080066d4
 .igot.plt      0x24000010        0x0 C:/ST/STM32CubeIDE_1.15.1/STM32CubeIDE/plugins/com.st.stm32cube.ide.mcu.externaltools.gnu-tools-for-stm32.12.3.rel1.win32_1.0.100.202403111256/tools/bin/../lib/gcc/arm-none-eabi/12.3.1/thumb/v7e-m+dp/hard/crtbegin.o

.RxDecripSection
                0x24000010       0x60 load address 0x080066d4
 .RxDecripSection
                0x24000010       0x60 ./Core/Src/main.o
                0x24000010                DMARxDscrTab

.TxDecripSection
                0x24000070       0x60 load address 0x08006734
 .TxDecripSection
                0x24000070       0x60 ./Core/Src/main.o
                0x24000070                DMATxDscrTab
                0x240000d0                        . = ALIGN (0x4)

.bss            0x240000d0      0x688 load address 0x08006794
                0x240000d0                        _sbss = .
                0x240000d0                        __bss_start__ = _sbss
 *(.bss)
 .bss           0x240000d0       0x1c C:/ST/STM32CubeIDE_1.15.1/STM32CubeIDE/plugins/com.st.stm32cube.ide.mcu.externaltools.gnu-tools-for-stm32.12.3.rel1.win32_1.0.100.202403111256/tools/bin/../lib/gcc/arm-none-eabi/12.3.1/thumb/v7e-m+dp/hard/crtbegin.o
 *(.bss*)
 .bss.TxConfig  0x240000ec       0x38 ./Core/Src/main.o
                0x240000ec                TxConfig
 .bss.heth      0x24000124       0xb0 ./Core/Src/main.o
                0x24000124                heth
 .bss.huart3    0x240001d4       0x94 ./Core/Src/main.o
                0x240001d4                huart3
 .bss.hpcd_USB_OTG_FS
                0x24000268      0x4e4 ./Core/Src/main.o
                0x24000268                hpcd_USB_OTG_FS
 .bss.MACAddr.0
                0x2400074c        0x6 ./Core/Src/main.o
 *fill*         0x24000752        0x2 
 .bss.uwTick    0x24000754        0x4 ./Drivers/STM32H7xx_HAL_Driver/Src/stm32h7xx_hal.o
                0x24000754                uwTick
 *(COMMON)
                0x24000758                        . = ALIGN (0x4)
                0x24000758                        _ebss = .
                0x24000758                        __bss_end__ = _ebss

._user_heap_stack
                0x24000758      0x600 load address 0x08006794
                0x24000758                        . = ALIGN (0x8)
                [!provide]                        PROVIDE (end = .)
                0x24000758                        PROVIDE (_end = .)
                0x24000958                        . = (. + _Min_Heap_Size)
 *fill*         0x24000758      0x200 
                0x24000d58                        . = (. + _Min_Stack_Size)
 *fill*         0x24000958      0x400 
                0x24000d58                        . = ALIGN (0x8)

/DISCARD/
 libc.a(*)
 libm.a(*)
 libgcc.a(*)

.ARM.attributes
                0x00000000       0x2e
 *(.ARM.attributes)
 .ARM.attributes
                0x00000000       0x20 C:/ST/STM32CubeIDE_1.15.1/STM32CubeIDE/plugins/com.st.stm32cube.ide.mcu.externaltools.gnu-tools-for-stm32.12.3.rel1.win32_1.0.100.202403111256/tools/bin/../lib/gcc/arm-none-eabi/12.3.1/thumb/v7e-m+dp/hard/crti.o
 .ARM.attributes
                0x00000020       0x32 C:/ST/STM32CubeIDE_1.15.1/STM32CubeIDE/plugins/com.st.stm32cube.ide.mcu.externaltools.gnu-tools-for-stm32.12.3.rel1.win32_1.0.100.202403111256/tools/bin/../lib/gcc/arm-none-eabi/12.3.1/thumb/v7e-m+dp/hard/crtbegin.o
 .ARM.attributes
                0x00000052       0x32 ./Core/Src/main.o
 .ARM.attributes
                0x00000084       0x32 ./Core/Src/stm32h7xx_hal_msp.o
 .ARM.attributes
                0x000000b6       0x32 ./Core/Src/stm32h7xx_it.o
 .ARM.attributes
                0x000000e8       0x32 ./Core/Src/system_stm32h7xx.o
 .ARM.attributes
                0x0000011a       0x21 ./Core/Startup/startup_stm32h743zitx.o
 .ARM.attributes
                0x0000013b       0x32 ./Drivers/STM32H7xx_HAL_Driver/Src/stm32h7xx_hal.o
 .ARM.attributes
                0x0000016d       0x32 ./Drivers/STM32H7xx_HAL_Driver/Src/stm32h7xx_hal_cortex.o
 .ARM.attributes
                0x0000019f       0x32 ./Drivers/STM32H7xx_HAL_Driver/Src/stm32h7xx_hal_eth.o
 .ARM.attributes
                0x000001d1       0x32 ./Drivers/STM32H7xx_HAL_Driver/Src/stm32h7xx_hal_gpio.o
 .ARM.attributes
                0x00000203       0x32 ./Drivers/STM32H7xx_HAL_Driver/Src/stm32h7xx_hal_pcd.o
 .ARM.attributes
                0x00000235       0x32 ./Drivers/STM32H7xx_HAL_Driver/Src/stm32h7xx_hal_pcd_ex.o
 .ARM.attributes
                0x00000267       0x32 ./Drivers/STM32H7xx_HAL_Driver/Src/stm32h7xx_hal_pwr_ex.o
 .ARM.attributes
                0x00000299       0x32 ./Drivers/STM32H7xx_HAL_Driver/Src/stm32h7xx_hal_rcc.o
 .ARM.attributes
                0x000002cb       0x32 ./Drivers/STM32H7xx_HAL_Driver/Src/stm32h7xx_hal_rcc_ex.o
 .ARM.attributes
                0x000002fd       0x32 ./Drivers/STM32H7xx_HAL_Driver/Src/stm32h7xx_hal_uart.o
 .ARM.attributes
                0x0000032f       0x32 ./Drivers/STM32H7xx_HAL_Driver/Src/stm32h7xx_hal_uart_ex.o
 .ARM.attributes
                0x00000361       0x32 ./Drivers/STM32H7xx_HAL_Driver/Src/stm32h7xx_ll_usb.o
 .ARM.attributes
                0x00000393       0x32 C:/ST/STM32CubeIDE_1.15.1/STM32CubeIDE/plugins/com.st.stm32cube.ide.mcu.externaltools.gnu-tools-for-stm32.12.3.rel1.win32_1.0.100.202403111256/tools/bin/../lib/gcc/arm-none-eabi/12.3.1/../../../../arm-none-eabi/lib/thumb/v7e-m+dp/hard\libc_nano.a(libc_a-memset.o)
 .ARM.attributes
                0x000003c5       0x32 C:/ST/STM32CubeIDE_1.15.1/STM32CubeIDE/plugins/com.st.stm32cube.ide.mcu.externaltools.gnu-tools-for-stm32.12.3.rel1.win32_1.0.100.202403111256/tools/bin/../lib/gcc/arm-none-eabi/12.3.1/../../../../arm-none-eabi/lib/thumb/v7e-m+dp/hard\libc_nano.a(libc_a-init.o)
 .ARM.attributes
                0x000003f7       0x20 C:/ST/STM32CubeIDE_1.15.1/STM32CubeIDE/plugins/com.st.stm32cube.ide.mcu.externaltools.gnu-tools-for-stm32.12.3.rel1.win32_1.0.100.202403111256/tools/bin/../lib/gcc/arm-none-eabi/12.3.1/thumb/v7e-m+dp/hard\libgcc.a(_aeabi_uldivmod.o)
 .ARM.attributes
                0x00000417       0x32 C:/ST/STM32CubeIDE_1.15.1/STM32CubeIDE/plugins/com.st.stm32cube.ide.mcu.externaltools.gnu-tools-for-stm32.12.3.rel1.win32_1.0.100.202403111256/tools/bin/../lib/gcc/arm-none-eabi/12.3.1/thumb/v7e-m+dp/hard\libgcc.a(_udivmoddi4.o)
 .ARM.attributes
                0x00000449       0x20 C:/ST/STM32CubeIDE_1.15.1/STM32CubeIDE/plugins/com.st.stm32cube.ide.mcu.externaltools.gnu-tools-for-stm32.12.3.rel1.win32_1.0.100.202403111256/tools/bin/../lib/gcc/arm-none-eabi/12.3.1/thumb/v7e-m+dp/hard\libgcc.a(_dvmd_tls.o)
 .ARM.attributes
                0x00000469       0x20 C:/ST/STM32CubeIDE_1.15.1/STM32CubeIDE/plugins/com.st.stm32cube.ide.mcu.externaltools.gnu-tools-for-stm32.12.3.rel1.win32_1.0.100.202403111256/tools/bin/../lib/gcc/arm-none-eabi/12.3.1/thumb/v7e-m+dp/hard/crtn.o
OUTPUT(test_repo.elf elf32-littlearm)
LOAD linker stubs
LOAD C:/ST/STM32CubeIDE_1.15.1/STM32CubeIDE/plugins/com.st.stm32cube.ide.mcu.externaltools.gnu-tools-for-stm32.12.3.rel1.win32_1.0.100.202403111256/tools/bin/../lib/gcc/arm-none-eabi/12.3.1/../../../../arm-none-eabi/lib/thumb/v7e-m+dp/hard\libc.a
LOAD C:/ST/STM32CubeIDE_1.15.1/STM32CubeIDE/plugins/com.st.stm32cube.ide.mcu.externaltools.gnu-tools-for-stm32.12.3.rel1.win32_1.0.100.202403111256/tools/bin/../lib/gcc/arm-none-eabi/12.3.1/../../../../arm-none-eabi/lib/thumb/v7e-m+dp/hard\libm.a
LOAD C:/ST/STM32CubeIDE_1.15.1/STM32CubeIDE/plugins/com.st.stm32cube.ide.mcu.externaltools.gnu-tools-for-stm32.12.3.rel1.win32_1.0.100.202403111256/tools/bin/../lib/gcc/arm-none-eabi/12.3.1/thumb/v7e-m+dp/hard\libgcc.a

.debug_info     0x00000000    0x17bca
 .debug_info    0x00000000     0x2893 ./Core/Src/main.o
 .debug_info    0x00002893     0x2511 ./Core/Src/stm32h7xx_hal_msp.o
 .debug_info    0x00004da4      0x128 ./Core/Src/stm32h7xx_it.o
 .debug_info    0x00004ecc      0xcef ./Core/Src/system_stm32h7xx.o
 .debug_info    0x00005bbb       0x30 ./Core/Startup/startup_stm32h743zitx.o
 .debug_info    0x00005beb     0x153b ./Drivers/STM32H7xx_HAL_Driver/Src/stm32h7xx_hal.o
 .debug_info    0x00007126     0x10ac ./Drivers/STM32H7xx_HAL_Driver/Src/stm32h7xx_hal_cortex.o
 .debug_info    0x000081d2     0x2a30 ./Drivers/STM32H7xx_HAL_Driver/Src/stm32h7xx_hal_eth.o
 .debug_info    0x0000ac02      0xc4b ./Drivers/STM32H7xx_HAL_Driver/Src/stm32h7xx_hal_gpio.o
 .debug_info    0x0000b84d     0x1561 ./Drivers/STM32H7xx_HAL_Driver/Src/stm32h7xx_hal_pcd.o
 .debug_info    0x0000cdae      0x8b3 ./Drivers/STM32H7xx_HAL_Driver/Src/stm32h7xx_hal_pcd_ex.o
 .debug_info    0x0000d661     0x1008 ./Drivers/STM32H7xx_HAL_Driver/Src/stm32h7xx_hal_pwr_ex.o
 .debug_info    0x0000e669      0xe5b ./Drivers/STM32H7xx_HAL_Driver/Src/stm32h7xx_hal_rcc.o
 .debug_info    0x0000f4c4     0x1216 ./Drivers/STM32H7xx_HAL_Driver/Src/stm32h7xx_hal_rcc_ex.o
 .debug_info    0x000106da     0x4b13 ./Drivers/STM32H7xx_HAL_Driver/Src/stm32h7xx_hal_uart.o
 .debug_info    0x000151ed      0xfbf ./Drivers/STM32H7xx_HAL_Driver/Src/stm32h7xx_hal_uart_ex.o
 .debug_info    0x000161ac     0x1a1e ./Drivers/STM32H7xx_HAL_Driver/Src/stm32h7xx_ll_usb.o

.debug_abbrev   0x00000000     0x2869
 .debug_abbrev  0x00000000      0x318 ./Core/Src/main.o
 .debug_abbrev  0x00000318      0x28f ./Core/Src/stm32h7xx_hal_msp.o
 .debug_abbrev  0x000005a7       0x73 ./Core/Src/stm32h7xx_it.o
 .debug_abbrev  0x0000061a      0x14c ./Core/Src/system_stm32h7xx.o
 .debug_abbrev  0x00000766       0x24 ./Core/Startup/startup_stm32h743zitx.o
 .debug_abbrev  0x0000078a      0x295 ./Drivers/STM32H7xx_HAL_Driver/Src/stm32h7xx_hal.o
 .debug_abbrev  0x00000a1f      0x339 ./Drivers/STM32H7xx_HAL_Driver/Src/stm32h7xx_hal_cortex.o
 .debug_abbrev  0x00000d58      0x347 ./Drivers/STM32H7xx_HAL_Driver/Src/stm32h7xx_hal_eth.o
 .debug_abbrev  0x0000109f      0x1fe ./Drivers/STM32H7xx_HAL_Driver/Src/stm32h7xx_hal_gpio.o
 .debug_abbrev  0x0000129d      0x2dc ./Drivers/STM32H7xx_HAL_Driver/Src/stm32h7xx_hal_pcd.o
 .debug_abbrev  0x00001579      0x256 ./Drivers/STM32H7xx_HAL_Driver/Src/stm32h7xx_hal_pcd_ex.o
 .debug_abbrev  0x000017cf      0x2a7 ./Drivers/STM32H7xx_HAL_Driver/Src/stm32h7xx_hal_pwr_ex.o
 .debug_abbrev  0x00001a76      0x2c8 ./Drivers/STM32H7xx_HAL_Driver/Src/stm32h7xx_hal_rcc.o
 .debug_abbrev  0x00001d3e      0x269 ./Drivers/STM32H7xx_HAL_Driver/Src/stm32h7xx_hal_rcc_ex.o
 .debug_abbrev  0x00001fa7      0x33d ./Drivers/STM32H7xx_HAL_Driver/Src/stm32h7xx_hal_uart.o
 .debug_abbrev  0x000022e4      0x2d2 ./Drivers/STM32H7xx_HAL_Driver/Src/stm32h7xx_hal_uart_ex.o
 .debug_abbrev  0x000025b6      0x2b3 ./Drivers/STM32H7xx_HAL_Driver/Src/stm32h7xx_ll_usb.o

.debug_aranges  0x00000000      0xf50
 .debug_aranges
                0x00000000       0x50 ./Core/Src/main.o
 .debug_aranges
                0x00000050       0x50 ./Core/Src/stm32h7xx_hal_msp.o
 .debug_aranges
                0x000000a0       0x60 ./Core/Src/stm32h7xx_it.o
 .debug_aranges
                0x00000100       0x28 ./Core/Src/system_stm32h7xx.o
 .debug_aranges
                0x00000128       0x28 ./Core/Startup/startup_stm32h743zitx.o
 .debug_aranges
                0x00000150      0x198 ./Drivers/STM32H7xx_HAL_Driver/Src/stm32h7xx_hal.o
 .debug_aranges
                0x000002e8      0x130 ./Drivers/STM32H7xx_HAL_Driver/Src/stm32h7xx_hal_cortex.o
 .debug_aranges
                0x00000418      0x1d8 ./Drivers/STM32H7xx_HAL_Driver/Src/stm32h7xx_hal_eth.o
 .debug_aranges
                0x000005f0       0x58 ./Drivers/STM32H7xx_HAL_Driver/Src/stm32h7xx_hal_gpio.o
 .debug_aranges
                0x00000648      0x140 ./Drivers/STM32H7xx_HAL_Driver/Src/stm32h7xx_hal_pcd.o
 .debug_aranges
                0x00000788       0x60 ./Drivers/STM32H7xx_HAL_Driver/Src/stm32h7xx_hal_pcd_ex.o
 .debug_aranges
                0x000007e8      0x158 ./Drivers/STM32H7xx_HAL_Driver/Src/stm32h7xx_hal_pwr_ex.o
 .debug_aranges
                0x00000940       0x88 ./Drivers/STM32H7xx_HAL_Driver/Src/stm32h7xx_hal_rcc.o
 .debug_aranges
                0x000009c8       0xf8 ./Drivers/STM32H7xx_HAL_Driver/Src/stm32h7xx_hal_rcc_ex.o
 .debug_aranges
                0x00000ac0      0x248 ./Drivers/STM32H7xx_HAL_Driver/Src/stm32h7xx_hal_uart.o
 .debug_aranges
                0x00000d08       0xa8 ./Drivers/STM32H7xx_HAL_Driver/Src/stm32h7xx_hal_uart_ex.o
 .debug_aranges
                0x00000db0      0x1a0 ./Drivers/STM32H7xx_HAL_Driver/Src/stm32h7xx_ll_usb.o

.debug_rnglists
                0x00000000      0xbd7
 .debug_rnglists
                0x00000000       0x3b ./Core/Src/main.o
 .debug_rnglists
                0x0000003b       0x3b ./Core/Src/stm32h7xx_hal_msp.o
 .debug_rnglists
                0x00000076       0x43 ./Core/Src/stm32h7xx_it.o
 .debug_rnglists
                0x000000b9       0x1b ./Core/Src/system_stm32h7xx.o
 .debug_rnglists
                0x000000d4       0x19 ./Core/Startup/startup_stm32h743zitx.o
 .debug_rnglists
                0x000000ed      0x131 ./Drivers/STM32H7xx_HAL_Driver/Src/stm32h7xx_hal.o
 .debug_rnglists
                0x0000021e       0xe0 ./Drivers/STM32H7xx_HAL_Driver/Src/stm32h7xx_hal_cortex.o
 .debug_rnglists
                0x000002fe      0x176 ./Drivers/STM32H7xx_HAL_Driver/Src/stm32h7xx_hal_eth.o
 .debug_rnglists
                0x00000474       0x3f ./Drivers/STM32H7xx_HAL_Driver/Src/stm32h7xx_hal_gpio.o
 .debug_rnglists
                0x000004b3       0xf4 ./Drivers/STM32H7xx_HAL_Driver/Src/stm32h7xx_hal_pcd.o
 .debug_rnglists
                0x000005a7       0x45 ./Drivers/STM32H7xx_HAL_Driver/Src/stm32h7xx_hal_pcd_ex.o
 .debug_rnglists
                0x000005ec      0x103 ./Drivers/STM32H7xx_HAL_Driver/Src/stm32h7xx_hal_pwr_ex.o
 .debug_rnglists
                0x000006ef       0x68 ./Drivers/STM32H7xx_HAL_Driver/Src/stm32h7xx_hal_rcc.o
 .debug_rnglists
                0x00000757       0xc0 ./Drivers/STM32H7xx_HAL_Driver/Src/stm32h7xx_hal_rcc_ex.o
 .debug_rnglists
                0x00000817      0x1fa ./Drivers/STM32H7xx_HAL_Driver/Src/stm32h7xx_hal_uart.o
 .debug_rnglists
                0x00000a11       0x7f ./Drivers/STM32H7xx_HAL_Driver/Src/stm32h7xx_hal_uart_ex.o
 .debug_rnglists
                0x00000a90      0x147 ./Drivers/STM32H7xx_HAL_Driver/Src/stm32h7xx_ll_usb.o

.debug_macro    0x00000000    0x37275
 .debug_macro   0x00000000      0x30a ./Core/Src/main.o
 .debug_macro   0x0000030a      0xacc ./Core/Src/main.o
 .debug_macro   0x00000dd6      0x23e ./Core/Src/main.o
 .debug_macro   0x00001014       0x2e ./Core/Src/main.o
 .debug_macro   0x00001042       0x3b ./Core/Src/main.o
 .debug_macro   0x0000107d       0x22 ./Core/Src/main.o
 .debug_macro   0x0000109f       0x8e ./Core/Src/main.o
 .debug_macro   0x0000112d       0x51 ./Core/Src/main.o
 .debug_macro   0x0000117e      0x103 ./Core/Src/main.o
 .debug_macro   0x00001281       0x6a ./Core/Src/main.o
 .debug_macro   0x000012eb      0x1df ./Core/Src/main.o
 .debug_macro   0x000014ca       0x1c ./Core/Src/main.o
 .debug_macro   0x000014e6       0x22 ./Core/Src/main.o
 .debug_macro   0x00001508       0xfb ./Core/Src/main.o
 .debug_macro   0x00001603     0x1305 ./Core/Src/main.o
 .debug_macro   0x00002908      0x11f ./Core/Src/main.o
 .debug_macro   0x00002a27       0x27 ./Core/Src/main.o
 .debug_macro   0x00002a4e    0x258f9 ./Core/Src/main.o
 .debug_macro   0x00028347       0x6d ./Core/Src/main.o
 .debug_macro   0x000283b4     0x3d79 ./Core/Src/main.o
 .debug_macro   0x0002c12d      0x189 ./Core/Src/main.o
 .debug_macro   0x0002c2b6       0x61 ./Core/Src/main.o
 .debug_macro   0x0002c317       0x29 ./Core/Src/main.o
 .debug_macro   0x0002c340       0x43 ./Core/Src/main.o
 .debug_macro   0x0002c383       0x34 ./Core/Src/main.o
 .debug_macro   0x0002c3b7       0x16 ./Core/Src/main.o
 .debug_macro   0x0002c3cd       0x43 ./Core/Src/main.o
 .debug_macro   0x0002c410       0x34 ./Core/Src/main.o
 .debug_macro   0x0002c444       0x10 ./Core/Src/main.o
 .debug_macro   0x0002c454       0x58 ./Core/Src/main.o
 .debug_macro   0x0002c4ac       0x8e ./Core/Src/main.o
 .debug_macro   0x0002c53a       0x1c ./Core/Src/main.o
 .debug_macro   0x0002c556      0x177 ./Core/Src/main.o
 .debug_macro   0x0002c6cd      0x369 ./Core/Src/main.o
 .debug_macro   0x0002ca36      0x19b ./Core/Src/main.o
 .debug_macro   0x0002cbd1       0x5d ./Core/Src/main.o
 .debug_macro   0x0002cc2e     0x2382 ./Core/Src/main.o
 .debug_macro   0x0002efb0     0x102c ./Core/Src/main.o
 .debug_macro   0x0002ffdc      0x154 ./Core/Src/main.o
 .debug_macro   0x00030130      0x114 ./Core/Src/main.o
 .debug_macro   0x00030244      0x3b6 ./Core/Src/main.o
 .debug_macro   0x000305fa       0xac ./Core/Src/main.o
 .debug_macro   0x000306a6      0x72d ./Core/Src/main.o
 .debug_macro   0x00030dd3      0x228 ./Core/Src/main.o
 .debug_macro   0x00030ffb       0x66 ./Core/Src/main.o
 .debug_macro   0x00031061      0x3bb ./Core/Src/main.o
 .debug_macro   0x0003141c      0xa80 ./Core/Src/main.o
 .debug_macro   0x00031e9c      0x129 ./Core/Src/main.o
 .debug_macro   0x00031fc5      0x3e4 ./Core/Src/main.o
 .debug_macro   0x000323a9      0x275 ./Core/Src/main.o
 .debug_macro   0x0003261e      0x3ca ./Core/Src/main.o
 .debug_macro   0x000329e8      0x408 ./Core/Src/main.o
 .debug_macro   0x00032df0       0x51 ./Core/Src/main.o
 .debug_macro   0x00032e41       0x4a ./Core/Src/main.o
 .debug_macro   0x00032e8b      0x22c ./Core/Src/main.o
 .debug_macro   0x000330b7       0x67 ./Core/Src/main.o
 .debug_macro   0x0003311e       0xa5 ./Core/Src/main.o
 .debug_macro   0x000331c3      0x1c4 ./Core/Src/main.o
 .debug_macro   0x00033387      0x25e ./Core/Src/main.o
 .debug_macro   0x000335e5       0x35 ./Core/Src/main.o
 .debug_macro   0x0003361a      0x693 ./Core/Src/main.o
 .debug_macro   0x00033cad       0xa6 ./Core/Src/main.o
 .debug_macro   0x00033d53      0x293 ./Core/Src/main.o
 .debug_macro   0x00033fe6       0x90 ./Core/Src/main.o
 .debug_macro   0x00034076      0x5a0 ./Core/Src/main.o
 .debug_macro   0x00034616       0x64 ./Core/Src/main.o
 .debug_macro   0x0003467a       0x16 ./Core/Src/main.o
 .debug_macro   0x00034690       0x35 ./Core/Src/main.o
 .debug_macro   0x000346c5       0x20 ./Core/Src/main.o
 .debug_macro   0x000346e5      0x2da ./Core/Src/stm32h7xx_hal_msp.o
 .debug_macro   0x000349bf      0x2e4 ./Core/Src/stm32h7xx_it.o
 .debug_macro   0x00034ca3      0x2cb ./Core/Src/system_stm32h7xx.o
 .debug_macro   0x00034f6e      0x2f5 ./Drivers/STM32H7xx_HAL_Driver/Src/stm32h7xx_hal.o
 .debug_macro   0x00035263      0x2cb ./Drivers/STM32H7xx_HAL_Driver/Src/stm32h7xx_hal_cortex.o
 .debug_macro   0x0003552e      0x35f ./Drivers/STM32H7xx_HAL_Driver/Src/stm32h7xx_hal_eth.o
 .debug_macro   0x0003588d      0x2d2 ./Drivers/STM32H7xx_HAL_Driver/Src/stm32h7xx_hal_gpio.o
 .debug_macro   0x00035b5f      0x2d7 ./Drivers/STM32H7xx_HAL_Driver/Src/stm32h7xx_hal_pcd.o
 .debug_macro   0x00035e36      0x2cb ./Drivers/STM32H7xx_HAL_Driver/Src/stm32h7xx_hal_pcd_ex.o
 .debug_macro   0x00036101      0x304 ./Drivers/STM32H7xx_HAL_Driver/Src/stm32h7xx_hal_pwr_ex.o
 .debug_macro   0x00036405      0x2ef ./Drivers/STM32H7xx_HAL_Driver/Src/stm32h7xx_hal_rcc.o
 .debug_macro   0x000366f4      0x2e9 ./Drivers/STM32H7xx_HAL_Driver/Src/stm32h7xx_hal_rcc_ex.o
 .debug_macro   0x000369dd      0x2f6 ./Drivers/STM32H7xx_HAL_Driver/Src/stm32h7xx_hal_uart.o
 .debug_macro   0x00036cd3      0x2d7 ./Drivers/STM32H7xx_HAL_Driver/Src/stm32h7xx_hal_uart_ex.o
 .debug_macro   0x00036faa      0x2cb ./Drivers/STM32H7xx_HAL_Driver/Src/stm32h7xx_ll_usb.o

.debug_line     0x00000000    0x14659
 .debug_line    0x00000000      0xb3a ./Core/Src/main.o
 .debug_line    0x00000b3a      0xa80 ./Core/Src/stm32h7xx_hal_msp.o
 .debug_line    0x000015ba      0x9ee ./Core/Src/stm32h7xx_it.o
 .debug_line    0x00001fa8      0xae7 ./Core/Src/system_stm32h7xx.o
 .debug_line    0x00002a8f       0x7a ./Core/Startup/startup_stm32h743zitx.o
 .debug_line    0x00002b09      0xedc ./Drivers/STM32H7xx_HAL_Driver/Src/stm32h7xx_hal.o
 .debug_line    0x000039e5      0xf0b ./Drivers/STM32H7xx_HAL_Driver/Src/stm32h7xx_hal_cortex.o
 .debug_line    0x000048f0     0x1c75 ./Drivers/STM32H7xx_HAL_Driver/Src/stm32h7xx_hal_eth.o
 .debug_line    0x00006565      0xdb4 ./Drivers/STM32H7xx_HAL_Driver/Src/stm32h7xx_hal_gpio.o
 .debug_line    0x00007319     0x16f7 ./Drivers/STM32H7xx_HAL_Driver/Src/stm32h7xx_hal_pcd.o
 .debug_line    0x00008a10      0xb39 ./Drivers/STM32H7xx_HAL_Driver/Src/stm32h7xx_hal_pcd_ex.o
 .debug_line    0x00009549      0xfff ./Drivers/STM32H7xx_HAL_Driver/Src/stm32h7xx_hal_pwr_ex.o
 .debug_line    0x0000a548     0x14ac ./Drivers/STM32H7xx_HAL_Driver/Src/stm32h7xx_hal_rcc.o
 .debug_line    0x0000b9f4     0x1dc4 ./Drivers/STM32H7xx_HAL_Driver/Src/stm32h7xx_hal_rcc_ex.o
 .debug_line    0x0000d7b8     0x3f6a ./Drivers/STM32H7xx_HAL_Driver/Src/stm32h7xx_hal_uart.o
 .debug_line    0x00011722      0xf7a ./Drivers/STM32H7xx_HAL_Driver/Src/stm32h7xx_hal_uart_ex.o
 .debug_line    0x0001269c     0x1fbd ./Drivers/STM32H7xx_HAL_Driver/Src/stm32h7xx_ll_usb.o

.debug_str      0x00000000   0x15e02c
 .debug_str     0x00000000   0x1589c4 ./Core/Src/main.o
                             0x158f46 (size before relaxing)
 .debug_str     0x001589c4      0x438 ./Core/Src/stm32h7xx_hal_msp.o
                             0x158e31 (size before relaxing)
 .debug_str     0x00158dfc       0xc9 ./Core/Src/stm32h7xx_it.o
                             0x157590 (size before relaxing)
 .debug_str     0x00158ec5      0x330 ./Core/Src/system_stm32h7xx.o
                             0x1578df (size before relaxing)
 .debug_str     0x001591f5       0x44 ./Core/Startup/startup_stm32h743zitx.o
                                 0x8a (size before relaxing)
 .debug_str     0x00159239      0xfca ./Drivers/STM32H7xx_HAL_Driver/Src/stm32h7xx_hal.o
                             0x1587f5 (size before relaxing)
 .debug_str     0x0015a203      0x38b ./Drivers/STM32H7xx_HAL_Driver/Src/stm32h7xx_hal_cortex.o
                             0x158230 (size before relaxing)
 .debug_str     0x0015a58e     0x1036 ./Drivers/STM32H7xx_HAL_Driver/Src/stm32h7xx_hal_eth.o
                             0x159164 (size before relaxing)
 .debug_str     0x0015b5c4       0xec ./Drivers/STM32H7xx_HAL_Driver/Src/stm32h7xx_hal_gpio.o
                             0x157896 (size before relaxing)
 .debug_str     0x0015b6b0      0x805 ./Drivers/STM32H7xx_HAL_Driver/Src/stm32h7xx_hal_pcd.o
                             0x15804a (size before relaxing)
 .debug_str     0x0015beb5      0x174 ./Drivers/STM32H7xx_HAL_Driver/Src/stm32h7xx_hal_pcd_ex.o
                             0x1579e8 (size before relaxing)
 .debug_str     0x0015c029      0x618 ./Drivers/STM32H7xx_HAL_Driver/Src/stm32h7xx_hal_pwr_ex.o
                             0x157d57 (size before relaxing)
 .debug_str     0x0015c641      0x21a ./Drivers/STM32H7xx_HAL_Driver/Src/stm32h7xx_hal_rcc.o
                             0x157c7a (size before relaxing)
 .debug_str     0x0015c85b      0x64b ./Drivers/STM32H7xx_HAL_Driver/Src/stm32h7xx_hal_rcc_ex.o
                             0x15815b (size before relaxing)
 .debug_str     0x0015cea6      0xa7a ./Drivers/STM32H7xx_HAL_Driver/Src/stm32h7xx_hal_uart.o
                             0x1587bb (size before relaxing)
 .debug_str     0x0015d920      0x261 ./Drivers/STM32H7xx_HAL_Driver/Src/stm32h7xx_hal_uart_ex.o
                             0x157d7b (size before relaxing)
 .debug_str     0x0015db81      0x4ab ./Drivers/STM32H7xx_HAL_Driver/Src/stm32h7xx_ll_usb.o
                             0x157f44 (size before relaxing)

.comment        0x00000000       0x43
 .comment       0x00000000       0x43 ./Core/Src/main.o
                                 0x44 (size before relaxing)
 .comment       0x00000043       0x44 ./Core/Src/stm32h7xx_hal_msp.o
 .comment       0x00000043       0x44 ./Core/Src/stm32h7xx_it.o
 .comment       0x00000043       0x44 ./Core/Src/system_stm32h7xx.o
 .comment       0x00000043       0x44 ./Drivers/STM32H7xx_HAL_Driver/Src/stm32h7xx_hal.o
 .comment       0x00000043       0x44 ./Drivers/STM32H7xx_HAL_Driver/Src/stm32h7xx_hal_cortex.o
 .comment       0x00000043       0x44 ./Drivers/STM32H7xx_HAL_Driver/Src/stm32h7xx_hal_eth.o
 .comment       0x00000043       0x44 ./Drivers/STM32H7xx_HAL_Driver/Src/stm32h7xx_hal_gpio.o
 .comment       0x00000043       0x44 ./Drivers/STM32H7xx_HAL_Driver/Src/stm32h7xx_hal_pcd.o
 .comment       0x00000043       0x44 ./Drivers/STM32H7xx_HAL_Driver/Src/stm32h7xx_hal_pcd_ex.o
 .comment       0x00000043       0x44 ./Drivers/STM32H7xx_HAL_Driver/Src/stm32h7xx_hal_pwr_ex.o
 .comment       0x00000043       0x44 ./Drivers/STM32H7xx_HAL_Driver/Src/stm32h7xx_hal_rcc.o
 .comment       0x00000043       0x44 ./Drivers/STM32H7xx_HAL_Driver/Src/stm32h7xx_hal_rcc_ex.o
 .comment       0x00000043       0x44 ./Drivers/STM32H7xx_HAL_Driver/Src/stm32h7xx_hal_uart.o
 .comment       0x00000043       0x44 ./Drivers/STM32H7xx_HAL_Driver/Src/stm32h7xx_hal_uart_ex.o
 .comment       0x00000043       0x44 ./Drivers/STM32H7xx_HAL_Driver/Src/stm32h7xx_ll_usb.o

.debug_frame    0x00000000     0x411c
 .debug_frame   0x00000000       0xe0 ./Core/Src/main.o
 .debug_frame   0x000000e0      0x118 ./Core/Src/stm32h7xx_hal_msp.o
 .debug_frame   0x000001f8      0x104 ./Core/Src/stm32h7xx_it.o
 .debug_frame   0x000002fc       0x58 ./Core/Src/system_stm32h7xx.o
 .debug_frame   0x00000354      0x690 ./Drivers/STM32H7xx_HAL_Driver/Src/stm32h7xx_hal.o
 .debug_frame   0x000009e4      0x508 ./Drivers/STM32H7xx_HAL_Driver/Src/stm32h7xx_hal_cortex.o
 .debug_frame   0x00000eec      0x894 ./Drivers/STM32H7xx_HAL_Driver/Src/stm32h7xx_hal_eth.o
 .debug_frame   0x00001780      0x14c ./Drivers/STM32H7xx_HAL_Driver/Src/stm32h7xx_hal_gpio.o
 .debug_frame   0x000018cc      0x590 ./Drivers/STM32H7xx_HAL_Driver/Src/stm32h7xx_hal_pcd.o
 .debug_frame   0x00001e5c      0x174 ./Drivers/STM32H7xx_HAL_Driver/Src/stm32h7xx_hal_pcd_ex.o
 .debug_frame   0x00001fd0      0x580 ./Drivers/STM32H7xx_HAL_Driver/Src/stm32h7xx_hal_pwr_ex.o
 .debug_frame   0x00002550      0x1f8 ./Drivers/STM32H7xx_HAL_Driver/Src/stm32h7xx_hal_rcc.o
 .debug_frame   0x00002748      0x414 ./Drivers/STM32H7xx_HAL_Driver/Src/stm32h7xx_hal_rcc_ex.o
 .debug_frame   0x00002b5c      0xa94 ./Drivers/STM32H7xx_HAL_Driver/Src/stm32h7xx_hal_uart.o
 .debug_frame   0x000035f0      0x2c0 ./Drivers/STM32H7xx_HAL_Driver/Src/stm32h7xx_hal_uart_ex.o
 .debug_frame   0x000038b0      0x7c0 ./Drivers/STM32H7xx_HAL_Driver/Src/stm32h7xx_ll_usb.o
 .debug_frame   0x00004070       0x20 C:/ST/STM32CubeIDE_1.15.1/STM32CubeIDE/plugins/com.st.stm32cube.ide.mcu.externaltools.gnu-tools-for-stm32.12.3.rel1.win32_1.0.100.202403111256/tools/bin/../lib/gcc/arm-none-eabi/12.3.1/../../../../arm-none-eabi/lib/thumb/v7e-m+dp/hard\libc_nano.a(libc_a-memset.o)
 .debug_frame   0x00004090       0x2c C:/ST/STM32CubeIDE_1.15.1/STM32CubeIDE/plugins/com.st.stm32cube.ide.mcu.externaltools.gnu-tools-for-stm32.12.3.rel1.win32_1.0.100.202403111256/tools/bin/../lib/gcc/arm-none-eabi/12.3.1/../../../../arm-none-eabi/lib/thumb/v7e-m+dp/hard\libc_nano.a(libc_a-init.o)
 .debug_frame   0x000040bc       0x2c C:/ST/STM32CubeIDE_1.15.1/STM32CubeIDE/plugins/com.st.stm32cube.ide.mcu.externaltools.gnu-tools-for-stm32.12.3.rel1.win32_1.0.100.202403111256/tools/bin/../lib/gcc/arm-none-eabi/12.3.1/thumb/v7e-m+dp/hard\libgcc.a(_aeabi_uldivmod.o)
 .debug_frame   0x000040e8       0x34 C:/ST/STM32CubeIDE_1.15.1/STM32CubeIDE/plugins/com.st.stm32cube.ide.mcu.externaltools.gnu-tools-for-stm32.12.3.rel1.win32_1.0.100.202403111256/tools/bin/../lib/gcc/arm-none-eabi/12.3.1/thumb/v7e-m+dp/hard\libgcc.a(_udivmoddi4.o)

.debug_line_str
                0x00000000       0x6e
 .debug_line_str
                0x00000000       0x6e ./Core/Startup/startup_stm32h743zitx.o
